// Jest Snapshot v1, https://goo.gl/fbAQLP

exports[`HelpPage tests HelpPage renders correctly 1`] = `
<div
  className="container"
>
  <h4>
    Горячие клавиши редактора запросов
  </h4>
</div>
`;
