// Jest Snapshot v1, https://goo.gl/fbAQLP

exports[`Editor tests Editor renders correctly 1`] = `<textarea />`;
