// Jest Snapshot v1, https://goo.gl/fbAQLP

exports[`ImportButton tests ImportButton renders correctly 1`] = `
<input
  className="hidden"
  onChange={[Function]}
  type="file"
/>
`;
