// Jest Snapshot v1, https://goo.gl/fbAQLP

exports[`HelpModal tests HelpModal renders correctly 1`] = `null`;
