// Jest Snapshot v1, https://goo.gl/fbAQLP

exports[`App tests App renders correctly 1`] = `
<section
  id="app-component"
/>
`;
