// Jest Snapshot v1, https://goo.gl/fbAQLP

exports[`SelectOption tests SelectOption renders correctly 1`] = `
<div
  className={undefined}
  title={undefined}
>
  <span
    onMouseDown={[Function]}
    onMouseEnter={[Function]}
    onMouseMove={[Function]}
  >
    default
  </span>
</div>
`;
